O 2.5369 -0.155 0.0
H 3.0739 0.155 0.0
H 2.0 0.155 0.0
0 1 1 2.5369 -0.155 3.0739 0.155 0.6200556426644305 0.8660513074156804 0.4999551309103556 
0 2 1 2.5369 -0.155 2.0 0.155 0.6199690395495571 -0.8660109872423447 0.5000249693520707